// Vitest Snapshot v1, https://vitest.dev/guide/snapshot.html

exports[`ResourcePrice > mounts 1`] = `"<div><span class=\\"badge badge-neutral m-1\\"></span></div>"`;
