// Vitest Snapshot v1, https://vitest.dev/guide/snapshot.html

exports[`ResourceRarity > mounts 1`] = `"<div><span class=\\"badge badge-neutral m-1 svelte-1x1khpc\\"></span></div>"`;
