// Vitest Snapshot v1, https://vitest.dev/guide/snapshot.html

exports[`Minus > mounts 1`] = `"<div><svg xmlns=\\"http://www.w3.org/2000/svg\\" fill=\\"none\\" viewBox=\\"0 0 24 24\\" stroke-width=\\"1.5\\" stroke=\\"currentColor\\" class=\\"w-6 h-6\\"><path stroke-linecap=\\"round\\" stroke-linejoin=\\"round\\" d=\\"M19.5 12h-15\\"></path></svg></div>"`;
